
  .   ____          _            __ _ _
 /\\ / ___'_ __ _ _(_)_ __  __ _ \ \ \ \
( ( )\___ | '_ | '_| | '_ \/ _` | \ \ \ \
 \\/  ___)| |_)| | | | | || (_| |  ) ) ) )
  '  |____| .__|_| |_|_| |_\__, | / / / /
 =========|_|==============|___/=/_/_/_/

 :: Spring Boot ::                (v3.5.7)

2026-05-29T00:35:04.538+08:00  INFO 15288 --- [           main] org.example.salary.SalaryApplication     : Starting SalaryApplication v1.0.0 using Java 22.0.2 with PID 15288 (D:\java\项目\sjk-project\target\salary-management-1.0.0.jar started by Lenovo in D:\java\项目\sjk-project)
2026-05-29T00:35:04.542+08:00  INFO 15288 --- [           main] org.example.salary.SalaryApplication     : No active profile set, falling back to 1 default profile: "default"
2026-05-29T00:35:06.684+08:00  INFO 15288 --- [           main] o.s.b.w.embedded.tomcat.TomcatWebServer  : Tomcat initialized with port 8080 (http)
2026-05-29T00:35:06.700+08:00  INFO 15288 --- [           main] o.apache.catalina.core.StandardService   : Starting service [Tomcat]
2026-05-29T00:35:06.701+08:00  INFO 15288 --- [           main] o.apache.catalina.core.StandardEngine    : Starting Servlet engine: [Apache Tomcat/10.1.48]
2026-05-29T00:35:06.743+08:00  INFO 15288 --- [           main] o.a.c.c.C.[Tomcat].[localhost].[/]       : Initializing Spring embedded WebApplicationContext
2026-05-29T00:35:06.744+08:00  INFO 15288 --- [           main] w.s.c.ServletWebServerApplicationContext : Root WebApplicationContext: initialization completed in 2139 ms
2026-05-29T00:35:07.478+08:00  INFO 15288 --- [           main] o.s.b.a.w.s.WelcomePageHandlerMapping    : Adding welcome page: class path resource [static/index.html]
2026-05-29T00:35:08.359+08:00  INFO 15288 --- [           main] o.s.b.w.embedded.tomcat.TomcatWebServer  : Tomcat started on port 8080 (http) with context path '/'
2026-05-29T00:35:08.383+08:00  INFO 15288 --- [           main] org.example.salary.SalaryApplication     : Started SalaryApplication in 4.812 seconds (process running for 5.503)
2026-05-29T00:35:54.073+08:00  INFO 15288 --- [nio-8080-exec-1] o.a.c.c.C.[Tomcat].[localhost].[/]       : Initializing Spring DispatcherServlet 'dispatcherServlet'
2026-05-29T00:35:54.074+08:00  INFO 15288 --- [nio-8080-exec-1] o.s.web.servlet.DispatcherServlet        : Initializing Servlet 'dispatcherServlet'
2026-05-29T00:35:54.076+08:00  INFO 15288 --- [nio-8080-exec-1] o.s.web.servlet.DispatcherServlet        : Completed initialization in 1 ms
2026-05-29T00:35:54.129+08:00  INFO 15288 --- [nio-8080-exec-1] com.zaxxer.hikari.HikariDataSource       : HikariPool-1 - Starting...
2026-05-29T00:35:54.322+08:00  INFO 15288 --- [nio-8080-exec-1] com.zaxxer.hikari.pool.HikariPool        : HikariPool-1 - Added connection com.mysql.cj.jdbc.ConnectionImpl@5ad24ee0
2026-05-29T00:35:54.325+08:00  INFO 15288 --- [nio-8080-exec-1] com.zaxxer.hikari.HikariDataSource       : HikariPool-1 - Start completed.
